<?xml version="1.0" encoding="utf-8"?><testsuites name="pytest tests"><testsuite name="pytest" errors="0" failures="0" skipped="0" tests="14" time="10.302" timestamp="2026-07-09T11:07:49.636226+02:00" hostname="ACER-OTSHUDI"><testcase classname="tests.test_aws_s3_reports" name="test_bucket_created_with_expected_region" time="2.122" /><testcase classname="tests.test_aws_s3_reports" name="test_upload_test_evidence_and_verify_integrity" time="0.752" /><testcase classname="tests.test_aws_s3_reports" name="test_evidence_listing_for_audit_trail" time="0.797" /><testcase classname="tests.test_sql_data_integrity" name="test_seed_accounts_are_present" time="0.487" /><testcase classname="tests.test_sql_data_integrity" name="test_transaction_ledger_reconciles_with_balance" time="0.671" /><testcase classname="tests.test_transactions_api" name="test_health" time="0.310" /><testcase classname="tests.test_transactions_api" name="test_create_debit_transaction_nominal" time="0.171" /><testcase classname="tests.test_transactions_api" name="test_debit_insufficient_funds_is_rejected" time="0.194" /><testcase classname="tests.test_transactions_api" name="test_transaction_on_unknown_account_returns_404" time="0.178" /><testcase classname="tests.test_transactions_api" name="test_reverse_transaction_restores_balance" time="0.184" /><testcase classname="tests.test_transactions_api" name="test_double_reversal_is_rejected" time="0.137" /><testcase classname="tests.test_transactions_api" name="test_amount_boundary_values[0-DEBIT-422]" time="0.101" /><testcase classname="tests.test_transactions_api" name="test_amount_boundary_values[-10-CREDIT-422]" time="0.093" /><testcase classname="tests.test_transactions_api" name="test_amount_boundary_values[1-DEBIT-201]" time="0.106" /></testsuite></testsuites>